// Jest Snapshot v1, https://goo.gl/fbAQLP

exports[`Button component renders a button with given label 1`] = `
<DocumentFragment>
  <button
    class="bg-DarkGreen hover:bg-GoodBridge_Orange text-white font-style: italic py-2 px-4 rounded"
  />
</DocumentFragment>
`;
